---
source: tests/snapshots/error_messages.rs
expression: normalize_output(&output.stderr)
---
{
  "error": {
    "code": "SELF_DEPENDENCY",
    "context": {
      "id": "ID-REDACTED"
    },
    "hint": "An issue cannot depend on itself",
    "message": "Issue cannot depend on itself: ID-REDACTED",
    "retryable": false
  }
}
