---
source: tests/snapshots/cli_output.rs
expression: normalize_output(&output.stdout)
---
Project Statistics
==================

Summary:
  Total issues:     3
  Open:             2
  In Progress:      0
  Closed:           1
  Blocked:          1
  Deferred:         0
  Ready:            1
  Avg lead time:    0.0h
