---
source: tests/snapshots/cli_output.rs
expression: normalize_output(&output.stdout)
---
br doctor
OK jsonl.merge_artifacts
WARN jsonl.parse: No JSONL file found (.beads/issues.jsonl or .beads/beads.jsonl)
OK schema.tables
OK schema.columns
OK sqlite.integrity_check
WARN counts.db_vs_jsonl: JSONL not found; cannot compare counts
OK sync.metadata: Database and JSONL are in sync
