---
source: tests/snapshots/cli_output.rs
expression: normalize_output(&output.stdout)
---
Project Statistics
==================

Summary:
  Total issues:     3
  Open:             2
  In Progress:      0
  Closed:           1
  Blocked:          1
  Deferred:         0
  Ready:            1
  Avg lead time:    0.0h

Recent Activity (last 24 hours):
  Commits:         0
  Total Changes:   0
  Issues Created:  0
  Issues Closed:   0
  Issues Reopened: 0
  Issues Updated:  0
